1, download php-5.6.25.tar.gz from http://www.php.net/downloads.php

2,
[root@localhost httpd]# cd /home/star/Downloads/
[root@localhost Downloads]# ls
apr-1.5.2              mysql-5.7.14-linux-glibc2.5-x86_64.tar.gz
apr-1.5.2.tar.gz       pcre-8.39
apr-util-1.5.4         pcre-8.39.tar.gz
apr-util-1.5.4.tar.gz  php-5.6.25.tar.gz
httpd-2.4.23           php-7.0.10.tar.gz
httpd-2.4.23.tar.gz
[root@localhost Downloads]# tar xfz php-5.6.25.tar.gz 
[root@localhost Downloads]# cd php-5.6.25

[root@localhost php-5.6.25]# yum install libxml2-devel
[root@localhost bin]# yum -y install mysql-devel


[root@localhost php-5.6.25]# ./configure --prefix=/usr/local/php --with-apxs2=/usr/local/apache/bin/apxs --with-mysqli=/usr/bin/mysql_config 
[root@localhost php-5.6.25]# make

[root@localhost php-5.6.25]# make install

[root@localhost php-5.6.25]# cp php.ini* /usr/local/php/lib/

[root@localhost php-5.6.25]# cd /usr/local/php/lib/

[root@localhost lib]# cp php.ini-development php.ini

[root@localhost lib]# cd /usr/local/apache/conf/

[root@localhost conf]# gedit httpd.conf 

## made three modifications in this file

##1:
find the following position, add "index.php"
<IfModule dir_module>
    DirectoryIndex index.html index.php3 index.php default.php
</IfModule>

##2:
add following in the end of this file
<FilesMatch \.php$>
	SetHandler application/x-httpd-php
</FilesMatch>

##2:
find AddType and add following:
AddType application/x-httpd-php .php .php3 .htm .phtml .php4
AddType application/x-httpd-php-source .phps


## after these settings, we start the apache2 server and successfully visit the "localhost"(which shows It works!)
## But after we create a index.php file in /usr/local/apache2/htdocs, the content is "<?php phpinfo(); ?>", when we visit the localhost/index.php, it prompt to download the index.php file!







## for now, php scripts can function in the page, but there is another problem, php can establish connect to mysql!
## The reason of this seem to be the lack of pdo_mysql.so which can be shown in the phpinfo(), so we have to install the module here

1~ Download the file from http://pecl.php.net/get/PDO_MYSQL-1.0.2.tgz
2~ cd /home/star/Downloads/
3~ tar zxvf PDO_MYSQL-1.0.2.tgz 
4~ cd PDO_MYSQL-1.0.2
## remember some ones says should cd /home/star/Downloads/php-5.6.25/ext/pdo_mysql/  to execute the following orders, I didn't verify this, but take this note, to see what will happen in the future.

5~ /usr/local/php/bin/phpize
## here is a problem prompt: 
Configuring for:
PHP Api Version:         20100412
Zend Module Api No:      20100525
Zend Extension Api No:   220100525
Cannot find autoconf. Please check your autoconf installation and the $PHP_AUTOCONF environment variable. Then, rerun this script.

##do the following can fix this problem:
yum install autoconf

6~ /usr/local/php/bin/phpize

##after phpize we can see the configure file in the directory
7~ ./configure --with-php-config=/usr/local/php/bin/php-config --with-pdo-mysql=/usr/local/mysql/
8~ make
#### here is a problem prompt: 
make: *** [pdo_mysql.lo] Error 1

##do the following can fix this problem:
##
ln -s /usr/local/mysql/include/* /usr/local/include/
## 
ln -s /usr/local/mysql/include/mysql/* /usr/local/include/

9~ make
10~make install
## after this step, the terminal will give hint:
Installing shared extensions:     /usr/local/php/lib/php/extensions/no-debug-zts-20131226/


## two modifications of the php.ini(The php.ini file is the file indicated in the phpinfo() page)
11~ vi /usr/local/php/lib/php.ini
找到; extension_dir = “./”这一行，去掉注释，并修改路径。
eextension_dir = "/usr/local/php/lib/php/extensions/no-debug-zts-20131226/"

这里经过我测试，发现php只会从该目录寻找扩展so，而并不寻找该目录下的子目录。所以之前我为了统一管理，把so文件都移动到该目录下。

找到; extension=php_pdo_mysql.dll这一行，去掉注释，并修改后面的文件名。
extension=pdo_mysql.so
文件名不太一样，这里要把php_前缀去掉，否则找不到文件。后面的dll是windows下的文件名，我们改成so。

extension=php_mysql.dll
## remove the ; in this line, because all the php_mysql share the driver here.

##restart the apache server
12~ /usr/local/apache/bin/httpd -k restart

## now the phpinfo() show that:

PDO
PDO support	enabled
PDO drivers 	sqlite, mysql 


## for now, pdo_mysql.so module has been successfully installed, but there is another problem, php can establish connect to mysql server!
## The php error prompt follows:
##SQLSTATE[HY000] [2002] Can't connect to local MySQL server through socket '/tmp/mysql.sock' (2) 


##    This error can be fixed by following steps
1,    vi /etc/my.cnf
##    add "datadir = /usr/local/mysql/data"  below the [mysqld]
##    The final version my.cnf should like this:
##[mysqld]
##datadir=/usr/local/mysql/data
##socket=/var/lib/mysql/mysql.sock
##user=mysql
### Disabling symbolic-links is recommended to prevent assorted security risks
##symbolic-links=0

##[mysqld_safe]
##log-error=/var/log/mysqld.log
##pid-file=/var/run/mysqld/mysqld.pid

##    cd /usr/local/mysql/support-files
##    ./mysql.server start
##    Starting MySQL.                                            [  OK  ]



2,ln -s /var/lib/mysql/mysql.sock /tmp/mysql.sock



##mysql.sock是数据库服务启动的时候自动生成的， 当服务关闭以后，这个文件会自动被删除，所以你查找不到，建议先重启数据库服务。如果重启失败，那么需要检查错误日志查找原因。另外重启前，可以考虑删除var/lib/mysql下面的ib_logfile0、ib_logfile1、ib_logfile2等文件，之后再启动。 

## now the error was fixed , and mysql connection can be established.




## but this method pose another problem: because we set a link of /tmp/mysql.sock to /var/lib/mysql/mysql.sock. So everytime we restart the system, the link expires with the mysql.sock in /var/lib/mysql/ expires too.
## So every time we first start the mysql server with
[root@localhost mysql]# support-files/mysql.server start
Starting MySQL... SUCCESS! 

## then 
[root@localhost mysql]# ln -s /var/lib/mysql/mysql.sock /tmp/mysql.sock

##then we can see the link in /tmp, and then we can establish the connection to mysql via php.

## it is very boring! And I guess the reason is that I didn't set the msyql initialized，when I perform the support-files/mysql.server start,  this error will evaperate.
## Let's try to set the mysql to initiate when system started.



